{
    "test_universc_10x": {
        "content": [
            {
                "0": [
                    [
                        {
                            "id": "123",
                            "technology": "10x",
                            "chemistry": "SC3Pv3",
                            "single_end": false,
                            "strandedness": "forward",
                            "samples": [
                                "test_10x"
                            ]
                        },
                        [
                            "_err:md5,92544b75bfe4ad17becb3fa17b83dac9",
                            "_invocation:md5,adbbbc1027756be9fdeebabf979863e5",
                            "_log:md5,f4ab003ca08293ce9a80a2b2a3b25749"
                        ]
                    ]
                ],
                "1": [
                    "versions.yml:md5,70bfcfea05b26a198a980e8b0eabb348"
                ],
                "outs": [
                    [
                        {
                            "id": "123",
                            "technology": "10x",
                            "chemistry": "SC3Pv3",
                            "single_end": false,
                            "strandedness": "forward",
                            "samples": [
                                "test_10x"
                            ]
                        },
                        [
                            "_err:md5,92544b75bfe4ad17becb3fa17b83dac9",
                            "_invocation:md5,adbbbc1027756be9fdeebabf979863e5",
                            "_log:md5,f4ab003ca08293ce9a80a2b2a3b25749"
                        ]
                    ]
                ],
                "versions": [
                    "versions.yml:md5,70bfcfea05b26a198a980e8b0eabb348"
                ]
            }
        ],
        "meta": {
            "nf-test": "0.9.2",
            "nextflow": "25.04.2"
        },
        "timestamp": "2025-05-14T15:52:03.725881758"
    },
    "test_universc_10x -- stub": {
        "content": [
            {
                "0": [
                    [
                        {
                            "id": "123",
                            "technology": "10x",
                            "chemistry": "SC3Pv3",
                            "single_end": false,
                            "strandedness": "forward",
                            "samples": [
                                "test_10x"
                            ]
                        },
                        "fake_file.txt:md5,d41d8cd98f00b204e9800998ecf8427e"
                    ]
                ],
                "1": [
                    "versions.yml:md5,70bfcfea05b26a198a980e8b0eabb348"
                ],
                "outs": [
                    [
                        {
                            "id": "123",
                            "technology": "10x",
                            "chemistry": "SC3Pv3",
                            "single_end": false,
                            "strandedness": "forward",
                            "samples": [
                                "test_10x"
                            ]
                        },
                        "fake_file.txt:md5,d41d8cd98f00b204e9800998ecf8427e"
                    ]
                ],
                "versions": [
                    "versions.yml:md5,70bfcfea05b26a198a980e8b0eabb348"
                ]
            }
        ],
        "meta": {
            "nf-test": "0.9.2",
            "nextflow": "25.04.2"
        },
        "timestamp": "2025-05-14T15:52:10.667692329"
    }
}