{
    "test_purgedups_calcuts": {
        "content": [
            {
                "0": [
                    [
                        {
                            "id": "test"
                        },
                        "test.cutoffs:md5,e13542222f6e6e4e0d87754956641008"
                    ]
                ],
                "1": [
                    [
                        {
                            "id": "test"
                        },
                        "test.calcuts.log:md5,04053f23b4dbb7947e8b2cb820ca6681"
                    ]
                ],
                "2": [
                    "versions.yml:md5,df5b856012c4a77707e608b2a73f6dde"
                ],
                "cutoff": [
                    [
                        {
                            "id": "test"
                        },
                        "test.cutoffs:md5,e13542222f6e6e4e0d87754956641008"
                    ]
                ],
                "log": [
                    [
                        {
                            "id": "test"
                        },
                        "test.calcuts.log:md5,04053f23b4dbb7947e8b2cb820ca6681"
                    ]
                ],
                "versions": [
                    "versions.yml:md5,df5b856012c4a77707e608b2a73f6dde"
                ]
            }
        ],
        "meta": {
            "nf-test": "0.9.2",
            "nextflow": "25.04.2"
        },
        "timestamp": "2025-05-14T14:07:01.617419051"
    }
}